[himuhimu112002.github.io/Burger1/index3859.html]
[backblue.gif]
[fade.gif]
[index.html]
[cdn.jsdelivr.net/npm/bootstrap@5.1.1/dist/css/bootstrap.min.css]
[himuhimu112002.github.io/Burger1/css/owl.carousel.min.css]
[himuhimu112002.github.io/Burger1/css/owl.theme.default.min.css]
[himuhimu112002.github.io/Burger1/style.css]
[himuhimu112002.github.io/Burger1/css/all.min.css]
[himuhimu112002.github.io/Burger1/css/fontawesome.min.css]
[himuhimu112002.github.io/Burger1/media.css]
[himuhimu112002.github.io/Burger1/img/logo.png]
[himuhimu112002.github.io/Burger1/img/banner_logo.png]
[himuhimu112002.github.io/Burger1/img/burger1.png]
[himuhimu112002.github.io/Burger1/img/burger2.png]
[himuhimu112002.github.io/Burger1/img/burger3.png]
[himuhimu112002.github.io/Burger1/img/choce1.png]
[himuhimu112002.github.io/Burger1/img/choce2.png]
[himuhimu112002.github.io/Burger1/img/carusel.png]
[himuhimu112002.github.io/Burger1/img/position1.png]
[himuhimu112002.github.io/Burger1/img/position2.png]
[himuhimu112002.github.io/Burger1/img/position3.png]
[ajax.googleapis.com/ajax/libs/jquery/1.12.4/jquery.min.js]
[cdn.jsdelivr.net/npm/bootstrap@5.1.1/dist/js/bootstrap.bundle.min.js]
[himuhimu112002.github.io/Burger1/js/owl.carousel.min.js]
[himuhimu112002.github.io/Burger1/index3859.html]
[cdn.jsdelivr.net/npm/bootstrap@5.1.1/dist/css/bootstrap.min.css]
[himuhimu112002.github.io/Burger1/css/owl.video.play.png]
[himuhimu112002.github.io/Burger1/css/owl.carousel.min.css]
[himuhimu112002.github.io/Burger1/css/owl.theme.default.min.css]
[himuhimu112002.github.io/Burger1/img/banner2.png]
[himuhimu112002.github.io/Burger1/style.css]
[himuhimu112002.github.io/Burger1/webfonts/fa-brands-400.eot]
[himuhimu112002.github.io/Burger1/webfonts/fa-brands-400.woff2]
[himuhimu112002.github.io/Burger1/webfonts/fa-brands-400d41d.eot]
[himuhimu112002.github.io/Burger1/webfonts/fa-brands-400.woff]
[himuhimu112002.github.io/Burger1/webfonts/fa-brands-400.ttf]
[himuhimu112002.github.io/Burger1/webfonts/fa-brands-400.svg]
[himuhimu112002.github.io/Burger1/webfonts/fa-regular-400.eot]
[himuhimu112002.github.io/Burger1/webfonts/fa-regular-400d41d.eot]
[himuhimu112002.github.io/Burger1/webfonts/fa-regular-400.woff2]
[himuhimu112002.github.io/Burger1/webfonts/fa-regular-400.woff]
[himuhimu112002.github.io/Burger1/webfonts/fa-regular-400.ttf]
[himuhimu112002.github.io/Burger1/webfonts/fa-regular-400.svg]
[himuhimu112002.github.io/Burger1/webfonts/fa-solid-900.eot]
[himuhimu112002.github.io/Burger1/webfonts/fa-solid-900d41d.eot]
[himuhimu112002.github.io/Burger1/webfonts/fa-solid-900.woff2]
[himuhimu112002.github.io/Burger1/webfonts/fa-solid-900.woff]
[himuhimu112002.github.io/Burger1/webfonts/fa-solid-900.ttf]
[himuhimu112002.github.io/Burger1/css/all.min.css]
[himuhimu112002.github.io/Burger1/css/fontawesome.min.css]
[himuhimu112002.github.io/Burger1/media.css]
[himuhimu112002.github.io/Burger1/css/owl.video.play.html]
[himuhimu112002.github.io/Burger1/webfonts/fa-brands-400.svg]
[himuhimu112002.github.io/Burger1/webfonts/fa-regular-400.svg]
[himuhimu112002.github.io/Burger1/webfonts/fa-solid-900.svg]
[himuhimu112002.github.io/Burger1/webfonts/fa-solid-900.svg]
